../Core/Src/stm32h7xx_it.c:91:6:NMI_Handler	4	static
../Core/Src/stm32h7xx_it.c:106:6:HardFault_Handler	4	static
../Core/Src/stm32h7xx_it.c:121:6:MemManage_Handler	4	static
../Core/Src/stm32h7xx_it.c:136:6:BusFault_Handler	4	static
../Core/Src/stm32h7xx_it.c:151:6:UsageFault_Handler	4	static
../Core/Src/stm32h7xx_it.c:166:6:DebugMon_Handler	4	static
../Core/Src/stm32h7xx_it.c:186:6:EXTI2_IRQHandler	8	static
../Core/Src/stm32h7xx_it.c:200:6:EXTI3_IRQHandler	8	static
../Core/Src/stm32h7xx_it.c:214:6:EXTI4_IRQHandler	8	static
../Core/Src/stm32h7xx_it.c:228:6:DMA1_Stream0_IRQHandler	8	static
../Core/Src/stm32h7xx_it.c:242:6:DMA1_Stream1_IRQHandler	8	static
../Core/Src/stm32h7xx_it.c:256:6:DMA1_Stream2_IRQHandler	8	static
../Core/Src/stm32h7xx_it.c:270:6:DMA1_Stream3_IRQHandler	8	static
../Core/Src/stm32h7xx_it.c:284:6:FDCAN1_IT0_IRQHandler	8	static
../Core/Src/stm32h7xx_it.c:298:6:FDCAN2_IT0_IRQHandler	8	static
../Core/Src/stm32h7xx_it.c:312:6:EXTI9_5_IRQHandler	8	static
../Core/Src/stm32h7xx_it.c:329:6:I2C2_EV_IRQHandler	8	static
../Core/Src/stm32h7xx_it.c:343:6:I2C2_ER_IRQHandler	8	static
../Core/Src/stm32h7xx_it.c:357:6:USART1_IRQHandler	8	static
../Core/Src/stm32h7xx_it.c:371:6:USART2_IRQHandler	8	static
../Core/Src/stm32h7xx_it.c:385:6:EXTI15_10_IRQHandler	8	static
../Core/Src/stm32h7xx_it.c:403:6:TIM8_CC_IRQHandler	8	static
../Core/Src/stm32h7xx_it.c:417:6:TIM6_DAC_IRQHandler	8	static
../Core/Src/stm32h7xx_it.c:431:6:TIM7_IRQHandler	8	static
../Core/Src/stm32h7xx_it.c:445:6:DMA2_Stream0_IRQHandler	8	static
../Core/Src/stm32h7xx_it.c:459:6:DMA2_Stream1_IRQHandler	8	static
../Core/Src/stm32h7xx_it.c:473:6:I2C3_EV_IRQHandler	8	static
../Core/Src/stm32h7xx_it.c:487:6:I2C3_ER_IRQHandler	8	static
../Core/Src/stm32h7xx_it.c:501:6:UART7_IRQHandler	8	static
../Core/Src/stm32h7xx_it.c:515:6:I2C4_EV_IRQHandler	8	static
../Core/Src/stm32h7xx_it.c:529:6:I2C4_ER_IRQHandler	8	static
../Core/Src/stm32h7xx_it.c:543:6:TIM16_IRQHandler	8	static
../Core/Src/stm32h7xx_it.c:557:6:TIM17_IRQHandler	8	static
../Core/Src/stm32h7xx_it.c:571:6:ADC3_IRQHandler	8	static
../Core/Src/stm32h7xx_it.c:585:6:COMP1_IRQHandler	8	static
