../Drivers/STM32H7xx_HAL_Driver/Src/stm32h7xx_hal_comp.c:264:19:HAL_COMP_Init	40	static
../Drivers/STM32H7xx_HAL_Driver/Src/stm32h7xx_hal_comp.c:495:19:HAL_COMP_DeInit	24	static
../Drivers/STM32H7xx_HAL_Driver/Src/stm32h7xx_hal_comp.c:544:13:HAL_COMP_MspInit	16	static
../Drivers/STM32H7xx_HAL_Driver/Src/stm32h7xx_hal_comp.c:558:13:HAL_COMP_MspDeInit	16	static
../Drivers/STM32H7xx_HAL_Driver/Src/stm32h7xx_hal_comp.c:752:19:HAL_COMP_Start	24	static
../Drivers/STM32H7xx_HAL_Driver/Src/stm32h7xx_hal_comp.c:805:19:HAL_COMP_Stop	24	static
../Drivers/STM32H7xx_HAL_Driver/Src/stm32h7xx_hal_comp.c:848:19:HAL_COMP_Start_IT	24	static
../Drivers/STM32H7xx_HAL_Driver/Src/stm32h7xx_hal_comp.c:903:19:HAL_COMP_Stop_IT	24	static
../Drivers/STM32H7xx_HAL_Driver/Src/stm32h7xx_hal_comp.c:926:6:HAL_COMP_IRQHandler	24	static
../Drivers/STM32H7xx_HAL_Driver/Src/stm32h7xx_hal_comp.c:1092:19:HAL_COMP_Lock	24	static
../Drivers/STM32H7xx_HAL_Driver/Src/stm32h7xx_hal_comp.c:1153:10:HAL_COMP_GetOutputLevel	16	static
../Drivers/STM32H7xx_HAL_Driver/Src/stm32h7xx_hal_comp.c:1173:13:HAL_COMP_TriggerCallback	16	static
../Drivers/STM32H7xx_HAL_Driver/Src/stm32h7xx_hal_comp.c:1206:23:HAL_COMP_GetState	16	static
../Drivers/STM32H7xx_HAL_Driver/Src/stm32h7xx_hal_comp.c:1226:10:HAL_COMP_GetError	16	static
